warning: Error disabling address space randomization: Operation not permitted
[Thread debugging using libthread_db enabled]
Using host libthread_db library "/lib/aarch64-linux-gnu/libthread_db.so.1".
......[Detaching after vfork from child process 1428]
[Detaching after vfork from child process 1429]
[Detaching after vfork from child process 1430]
................................................................
Program received signal SIGABRT, Aborted.
0x0000e79c66ca8020 in ?? () from /lib/aarch64-linux-gnu/libc.so.6
#0  0x0000e79c66ca8020 in ?? () from /lib/aarch64-linux-gnu/libc.so.6
#1  0x0000e79c66c56880 [PAC] in raise () from /lib/aarch64-linux-gnu/libc.so.6
#2  0x0000e79c66c41a84 [PAC] in abort () from /lib/aarch64-linux-gnu/libc.so.6
#3  0x0000e79c66e517d8 [PAC] in ?? () from /usr/local/bin/../lib/libpython3.10.so.1.0
#4  0x0000e79c66e51b70 [PAC] in _Py_FatalErrorFunc () from /usr/local/bin/../lib/libpython3.10.so.1.0
#5  0x0000e79c66e52648 [PAC] in ?? () from /usr/local/bin/../lib/libpython3.10.so.1.0
#6  0x0000e79c66f6b7a8 [PAC] in ?? () from /usr/local/bin/../lib/libpython3.10.so.1.0
#7  0x0000e79c66e51af4 [PAC] in ?? () from /usr/local/bin/../lib/libpython3.10.so.1.0
#8  0x0000e79c66e51b70 [PAC] in _Py_FatalErrorFunc () from /usr/local/bin/../lib/libpython3.10.so.1.0
#9  0x0000e79c66e52648 [PAC] in ?? () from /usr/local/bin/../lib/libpython3.10.so.1.0
#10 0x0000e79c66ea8ff4 [PAC] in _PyEval_EvalFrameDefault () from /usr/local/bin/../lib/libpython3.10.so.1.0
#11 0x0000e79c66ed84d4 [PAC] in ?? () from /usr/local/bin/../lib/libpython3.10.so.1.0
#12 0x0000e79c66f16608 [PAC] in ?? () from /usr/local/bin/../lib/libpython3.10.so.1.0
#13 0x0000e79c66eb1bb4 [PAC] in ?? () from /usr/local/bin/../lib/libpython3.10.so.1.0
#14 0x0000e79c66ea4824 [PAC] in _PyEval_EvalFrameDefault () from /usr/local/bin/../lib/libpython3.10.so.1.0
#15 0x0000e79c66ea342c [PAC] in ?? () from /usr/local/bin/../lib/libpython3.10.so.1.0
#16 0x0000e79c66f35764 [PAC] in ?? () from /usr/local/bin/../lib/libpython3.10.so.1.0
#17 0x0000e79c66ea4824 [PAC] in _PyEval_EvalFrameDefault () from /usr/local/bin/../lib/libpython3.10.so.1.0
#18 0x0000e79c66ea342c [PAC] in ?? () from /usr/local/bin/../lib/libpython3.10.so.1.0
#19 0x0000e79c66eba8c0 [PAC] in ?? () from /usr/local/bin/../lib/libpython3.10.so.1.0
#20 0x0000e79c66ebb230 [PAC] in PyVectorcall_Call () from /usr/local/bin/../lib/libpython3.10.so.1.0
#21 0x0000e79c66f8178c [PAC] in ?? () from /usr/local/bin/../lib/libpython3.10.so.1.0
#22 0x0000e79c66eadb10 [PAC] in _PyObject_MakeTpCall () from /usr/local/bin/../lib/libpython3.10.so.1.0
#23 0x0000e79c66ea4824 [PAC] in _PyEval_EvalFrameDefault () from /usr/local/bin/../lib/libpython3.10.so.1.0
#24 0x0000e79c66ea342c [PAC] in ?? () from /usr/local/bin/../lib/libpython3.10.so.1.0
  Id   Target Id                                 Frame 
* 1    Thread 0xe79c671774c0 (LWP 1426) "python" 0x0000e79c66ca8020 in ?? () from /lib/aarch64-linux-gnu/libc.so.6
